
================================================================
PERMANENT DELEGATE
5aMNNLQJwAEeoemTEMkv5NVjqKwvvefRYCQ5Z67HFvEq
================================================================
signatures: 1844 total, 1832 successful
range: 2025-06-10T13:23:35  ->  2026-09-18T16:00:20
  progress 10/1832 decoded, 0 unresolved, 0 hits
  progress 260/1832 decoded, 0 unresolved, 0 hits
  progress 510/1832 decoded, 0 unresolved, 0 hits
  progress 760/1832 decoded, 0 unresolved, 0 hits
  progress 1010/1832 decoded, 0 unresolved, 0 hits
  progress 1260/1832 decoded, 0 unresolved, 0 hits
  progress 1510/1832 decoded, 0 unresolved, 0 hits
  progress 1760/1832 decoded, 0 unresolved, 0 hits

COVERAGE: decoded 1832/1832 (100.0%), unresolved 0
Token-2022 instruction types seen:
  setAuthority                           2949
  initializeMetadataPointer              1474
  initializePermanentDelegate            1474
  initializeDefaultAccountState          1474
  initializeScaledUiAmountConfig         1474
  initializePausableConfig               1474
  initializeConfidentialTransferMint     1474
  initializeTransferHook                 1474
  initializeMint                         1474
  initializeTokenMetadata                1474
  updateTransferHook                     1474
  mintTo                                 4
  getAccountDataSize                     3
  initializeImmutableOwner               3
  initializeAccount3                     3
  transfer                               1
>>> TOKEN-MOVING instructions authorised by this address: 0

DONE
