================================================================
PAUSE + FREEZE AUTHORITY
JDq14BWvqCRFNu1krb12bcRpbGtJZ1FLEakMw6FdxJNs
================================================================
account: owner=11111111111111111111111111111111 space=0 lamports=229934401
(space 0 + system owner => plain keypair, NOT an SPL multisig)
  fetched 1000 signatures...
  fetched 2000 signatures...
  fetched 3000 signatures...
  fetched 4000 signatures...
  fetched 5000 signatures...
  fetched 6000 signatures...
  fetched 7000 signatures...
  fetched 8000 signatures...
  fetched 9000 signatures...
  fetched 10000 signatures...
  fetched 11000 signatures...
  fetched 12000 signatures...
  fetched 13000 signatures...
  fetched 14000 signatures...
  fetched 15000 signatures...
  fetched 15953 signatures...
signatures: 15953 total, 15856 successful, 97 failed
range: 2025-06-09T08:55:17  ->  2026-04-29T07:26:37
  progress 10/15856, unresolved 0, hits 94
  progress 260/15856, unresolved 0, hits 155
  progress 510/15856, unresolved 0, hits 155
  progress 760/15856, unresolved 0, hits 155
  progress 1010/15856, unresolved 0, hits 155
  progress 1260/15856, unresolved 0, hits 155
  progress 1510/15856, unresolved 0, hits 155
  progress 1760/15856, unresolved 0, hits 155
  progress 2010/15856, unresolved 0, hits 155
  progress 2260/15856, unresolved 0, hits 155
  progress 2510/15856, unresolved 0, hits 155
  progress 2760/15856, unresolved 0, hits 155
  progress 3010/15856, unresolved 0, hits 155
  progress 3260/15856, unresolved 0, hits 155
  progress 3510/15856, unresolved 0, hits 155
  progress 3760/15856, unresolved 0, hits 155
  progress 4010/15856, unresolved 0, hits 155
  progress 4260/15856, unresolved 0, hits 155
  progress 4510/15856, unresolved 0, hits 155
  progress 4760/15856, unresolved 0, hits 155
  progress 5010/15856, unresolved 0, hits 155
  progress 5260/15856, unresolved 0, hits 155
  progress 5510/15856, unresolved 0, hits 155
  progress 5760/15856, unresolved 0, hits 155
  progress 6010/15856, unresolved 0, hits 155
  progress 6260/15856, unresolved 0, hits 155
  progress 6510/15856, unresolved 0, hits 155
  progress 6760/15856, unresolved 0, hits 155
  progress 7010/15856, unresolved 0, hits 155
  progress 7260/15856, unresolved 0, hits 155
  progress 7510/15856, unresolved 0, hits 155
  progress 7760/15856, unresolved 0, hits 155
  progress 8010/15856, unresolved 0, hits 155
  progress 8260/15856, unresolved 0, hits 155
  progress 8510/15856, unresolved 0, hits 155
  progress 8760/15856, unresolved 0, hits 155
  progress 9010/15856, unresolved 0, hits 155
  progress 9260/15856, unresolved 0, hits 155
  progress 9510/15856, unresolved 0, hits 155
  progress 9760/15856, unresolved 0, hits 155
  progress 10010/15856, unresolved 0, hits 155
  progress 10260/15856, unresolved 0, hits 155
  progress 10510/15856, unresolved 0, hits 155
  progress 10760/15856, unresolved 0, hits 155
  progress 11010/15856, unresolved 0, hits 155
  progress 11260/15856, unresolved 0, hits 155
  progress 11510/15856, unresolved 0, hits 155
  progress 11760/15856, unresolved 0, hits 155
  progress 12010/15856, unresolved 0, hits 155
  progress 12260/15856, unresolved 0, hits 155
  progress 12510/15856, unresolved 0, hits 155
  progress 12760/15856, unresolved 0, hits 155
  progress 13010/15856, unresolved 0, hits 155
  progress 13260/15856, unresolved 0, hits 155
  progress 13510/15856, unresolved 0, hits 155
  progress 13760/15856, unresolved 0, hits 155
  progress 14010/15856, unresolved 0, hits 155
  progress 14260/15856, unresolved 0, hits 155
  progress 14510/15856, unresolved 0, hits 155
  progress 14760/15856, unresolved 0, hits 155
  progress 15010/15856, unresolved 0, hits 155
  progress 15260/15856, unresolved 0, hits 155
  progress 15510/15856, unresolved 0, hits 155
  progress 15760/15856, unresolved 0, hits 155

COVERAGE: decoded 15856/15856 (100.0%), unresolved 0

Programs touched:
  11111111111111111111111111111111  258670
  ComputeBudget111111111111111111111111111111  30160
  TokenzQdBNbLqP5VEhdkAS6EPFLC1PHnBqCXEpPxuEb  969
  SQDS4ep65T869zMMBKyuUq6aD6EgTu8psMjkvj52pCf  468
  ATokenGPvbdGVxr1b2hvZbsiqW5xWH25efTNsLJA8knL  55
  6doghB248px58JSSwG4qejQ46kFMW4AMj7vzJnWZHNZn  34
  ByHjx66WM727yKu4t1aTP5pKjtNQJYczpvYo5syhMND2  34
  76y77prsiCMvXMjuoZ5VRrhG5qYBrUMYTE5WgHqgjEn6  34
  MemoSq4gqABAXKb96qnH8TysNcWxMyWCqXgDLGmfcHr  4
  DeJBGdMFa1uynnnKiwrVioatTuHmNLpyFKnmB5kaFdzQ  1

Token-2022 instruction types:
  mintTo                             603
  setAuthority                       163
  getAccountDataSize                 54
  initializeImmutableOwner           54
  initializeAccount3                 54
  transferChecked                    18
  transfer                           2
  initializeMetadataPointer          2
  initializePermanentDelegate        2
  initializeDefaultAccountState      2
  initializeScaledUiAmountConfig     2
  initializePausableConfig           2
  initializeConfidentialTransferMint 2
  initializeTransferHook             2
  initializeMint                     2
  initializeTokenMetadata            2
  updateTransferHook                 2
  updateTokenMetadataAuthority       1

>>> COERCIVE instructions authorised by this address: 159
    setAuthority: 159
>>> Of those, freeze/thaw/pause/resume/transfer/burn (i.e. acting ON a holder): 0

DONE
