bigint: Failed to load bindings, pure JS will be used (try npm run rebuild?)
[watch] connected to mainnet, solana-core 4.3.0-rc.1, watching 20 symbols
[watch] 2026-09-18T06:30:27.260Z polled 20/20 mints, 0 changed, 0 first sight | market OPEN (issuer, overnight) | tracked 20, ticks 3
[watch] most recent detected ticks:
          TSMx     Dividend       +0.2114%  2026-09-16T00:30:00.000Z  skipped
          STRCx    Dividend       +0.5055%  2026-09-15T00:30:00.000Z  skipped
          KOx      Dividend       +0.4152%  2026-09-15T00:30:00.000Z  skipped
[watch] 2026-09-18T06:30:57.891Z polled 20/20 mints, 0 changed, 0 first sight | market OPEN (issuer, overnight) | tracked 20, ticks 3
[watch] most recent detected ticks:
          TSMx     Dividend       +0.2114%  2026-09-16T00:30:00.000Z  skipped
          STRCx    Dividend       +0.5055%  2026-09-15T00:30:00.000Z  skipped
          KOx      Dividend       +0.4152%  2026-09-15T00:30:00.000Z  skipped
[watch] 2026-09-18T06:31:28.245Z polled 20/20 mints, 0 changed, 0 first sight | market OPEN (issuer, overnight) | tracked 20, ticks 3
[watch] most recent detected ticks:
          TSMx     Dividend       +0.2114%  2026-09-16T00:30:00.000Z  skipped
          STRCx    Dividend       +0.5055%  2026-09-15T00:30:00.000Z  skipped
          KOx      Dividend       +0.4152%  2026-09-15T00:30:00.000Z  skipped
[watch] 2026-09-18T06:31:58.636Z polled 20/20 mints, 0 changed, 0 first sight | market OPEN (issuer, overnight) | tracked 20, ticks 3
[watch] most recent detected ticks:
          TSMx     Dividend       +0.2114%  2026-09-16T00:30:00.000Z  skipped
          STRCx    Dividend       +0.5055%  2026-09-15T00:30:00.000Z  skipped
          KOx      Dividend       +0.4152%  2026-09-15T00:30:00.000Z  skipped
[watch] 2026-09-18T06:32:28.981Z polled 20/20 mints, 0 changed, 0 first sight | market OPEN (issuer, overnight) | tracked 20, ticks 3
[watch] most recent detected ticks:
          TSMx     Dividend       +0.2114%  2026-09-16T00:30:00.000Z  skipped
          STRCx    Dividend       +0.5055%  2026-09-15T00:30:00.000Z  skipped
          KOx      Dividend       +0.4152%  2026-09-15T00:30:00.000Z  skipped
[watch] 2026-09-18T06:32:59.348Z polled 20/20 mints, 0 changed, 0 first sight | market OPEN (issuer, overnight) | tracked 20, ticks 3
[watch] most recent detected ticks:
          TSMx     Dividend       +0.2114%  2026-09-16T00:30:00.000Z  skipped
          STRCx    Dividend       +0.5055%  2026-09-15T00:30:00.000Z  skipped
          KOx      Dividend       +0.4152%  2026-09-15T00:30:00.000Z  skipped
[watch] 2026-09-18T06:33:29.701Z polled 20/20 mints, 0 changed, 0 first sight | market OPEN (issuer, overnight) | tracked 20, ticks 3
[watch] most recent detected ticks:
          TSMx     Dividend       +0.2114%  2026-09-16T00:30:00.000Z  skipped
          STRCx    Dividend       +0.5055%  2026-09-15T00:30:00.000Z  skipped
          KOx      Dividend       +0.4152%  2026-09-15T00:30:00.000Z  skipped
[watch] 2026-09-18T06:34:00.073Z polled 20/20 mints, 0 changed, 0 first sight | market OPEN (issuer, overnight) | tracked 20, ticks 3
[watch] most recent detected ticks:
          TSMx     Dividend       +0.2114%  2026-09-16T00:30:00.000Z  skipped
          STRCx    Dividend       +0.5055%  2026-09-15T00:30:00.000Z  skipped
          KOx      Dividend       +0.4152%  2026-09-15T00:30:00.000Z  skipped
[watch] 2026-09-18T06:34:30.410Z polled 20/20 mints, 0 changed, 0 first sight | market OPEN (issuer, overnight) | tracked 20, ticks 3
[watch] most recent detected ticks:
          TSMx     Dividend       +0.2114%  2026-09-16T00:30:00.000Z  skipped
          STRCx    Dividend       +0.5055%  2026-09-15T00:30:00.000Z  skipped
          KOx      Dividend       +0.4152%  2026-09-15T00:30:00.000Z  skipped
[watch] 2026-09-18T06:35:00.851Z polled 20/20 mints, 0 changed, 0 first sight | market OPEN (issuer, overnight) | tracked 20, ticks 3
[watch] most recent detected ticks:
          TSMx     Dividend       +0.2114%  2026-09-16T00:30:00.000Z  skipped
          STRCx    Dividend       +0.5055%  2026-09-15T00:30:00.000Z  skipped
          KOx      Dividend       +0.4152%  2026-09-15T00:30:00.000Z  skipped
[watch] 2026-09-18T06:35:31.252Z polled 20/20 mints, 0 changed, 0 first sight | market OPEN (issuer, overnight) | tracked 20, ticks 3
[watch] most recent detected ticks:
          TSMx     Dividend       +0.2114%  2026-09-16T00:30:00.000Z  skipped
          STRCx    Dividend       +0.5055%  2026-09-15T00:30:00.000Z  skipped
          KOx      Dividend       +0.4152%  2026-09-15T00:30:00.000Z  skipped
[watch] 2026-09-18T06:36:01.997Z polled 20/20 mints, 0 changed, 0 first sight | market OPEN (issuer, overnight) | tracked 20, ticks 3
[watch] most recent detected ticks:
          TSMx     Dividend       +0.2114%  2026-09-16T00:30:00.000Z  skipped
          STRCx    Dividend       +0.5055%  2026-09-15T00:30:00.000Z  skipped
          KOx      Dividend       +0.4152%  2026-09-15T00:30:00.000Z  skipped
[watch] 2026-09-18T06:36:32.444Z polled 20/20 mints, 0 changed, 0 first sight | market OPEN (issuer, overnight) | tracked 20, ticks 3
[watch] most recent detected ticks:
          TSMx     Dividend       +0.2114%  2026-09-16T00:30:00.000Z  skipped
          STRCx    Dividend       +0.5055%  2026-09-15T00:30:00.000Z  skipped
          KOx      Dividend       +0.4152%  2026-09-15T00:30:00.000Z  skipped
[watch] 2026-09-18T06:39:26.062Z polled 20/20 mints, 0 changed, 0 first sight | market OPEN (issuer, overnight) | tracked 20, ticks 3
[watch] most recent detected ticks:
          TSMx     Dividend       +0.2114%  2026-09-16T00:30:00.000Z  skipped
          STRCx    Dividend       +0.5055%  2026-09-15T00:30:00.000Z  skipped
          KOx      Dividend       +0.4152%  2026-09-15T00:30:00.000Z  skipped
[watch] 2026-09-18T06:39:56.682Z polled 20/20 mints, 0 changed, 0 first sight | market OPEN (issuer, overnight) | tracked 20, ticks 3
[watch] most recent detected ticks:
          TSMx     Dividend       +0.2114%  2026-09-16T00:30:00.000Z  skipped
          STRCx    Dividend       +0.5055%  2026-09-15T00:30:00.000Z  skipped
          KOx      Dividend       +0.4152%  2026-09-15T00:30:00.000Z  skipped
[watch] 2026-09-18T06:40:27.358Z polled 20/20 mints, 0 changed, 0 first sight | market OPEN (issuer, overnight) | tracked 20, ticks 3
[watch] most recent detected ticks:
          TSMx     Dividend       +0.2114%  2026-09-16T00:30:00.000Z  skipped
          STRCx    Dividend       +0.5055%  2026-09-15T00:30:00.000Z  skipped
          KOx      Dividend       +0.4152%  2026-09-15T00:30:00.000Z  skipped
[watch] 2026-09-18T06:41:11.722Z polled 20/20 mints, 0 changed, 0 first sight | market OPEN (issuer, overnight) | tracked 20, ticks 3
[watch] most recent detected ticks:
          TSMx     Dividend       +0.2114%  2026-09-16T00:30:00.000Z  skipped
          STRCx    Dividend       +0.5055%  2026-09-15T00:30:00.000Z  skipped
          KOx      Dividend       +0.4152%  2026-09-15T00:30:00.000Z  skipped
[watch] 2026-09-18T06:41:42.161Z polled 20/20 mints, 0 changed, 0 first sight | market OPEN (issuer, overnight) | tracked 20, ticks 3
[watch] most recent detected ticks:
          TSMx     Dividend       +0.2114%  2026-09-16T00:30:00.000Z  skipped
          STRCx    Dividend       +0.5055%  2026-09-15T00:30:00.000Z  skipped
          KOx      Dividend       +0.4152%  2026-09-15T00:30:00.000Z  skipped
[watch] 2026-09-18T06:42:12.506Z polled 20/20 mints, 0 changed, 0 first sight | market OPEN (issuer, overnight) | tracked 20, ticks 3
[watch] most recent detected ticks:
          TSMx     Dividend       +0.2114%  2026-09-16T00:30:00.000Z  skipped
          STRCx    Dividend       +0.5055%  2026-09-15T00:30:00.000Z  skipped
          KOx      Dividend       +0.4152%  2026-09-15T00:30:00.000Z  skipped
[watch] 2026-09-18T06:42:43.290Z polled 20/20 mints, 0 changed, 0 first sight | market OPEN (issuer, overnight) | tracked 20, ticks 3
[watch] most recent detected ticks:
          TSMx     Dividend       +0.2114%  2026-09-16T00:30:00.000Z  skipped
          STRCx    Dividend       +0.5055%  2026-09-15T00:30:00.000Z  skipped
          KOx      Dividend       +0.4152%  2026-09-15T00:30:00.000Z  skipped
[watch] 2026-09-18T06:43:13.667Z polled 20/20 mints, 0 changed, 0 first sight | market OPEN (issuer, overnight) | tracked 20, ticks 3
[watch] most recent detected ticks:
          TSMx     Dividend       +0.2114%  2026-09-16T00:30:00.000Z  skipped
          STRCx    Dividend       +0.5055%  2026-09-15T00:30:00.000Z  skipped
          KOx      Dividend       +0.4152%  2026-09-15T00:30:00.000Z  skipped
[watch] 2026-09-18T06:43:44.040Z polled 20/20 mints, 0 changed, 0 first sight | market OPEN (issuer, overnight) | tracked 20, ticks 3
[watch] most recent detected ticks:
          TSMx     Dividend       +0.2114%  2026-09-16T00:30:00.000Z  skipped
          STRCx    Dividend       +0.5055%  2026-09-15T00:30:00.000Z  skipped
          KOx      Dividend       +0.4152%  2026-09-15T00:30:00.000Z  skipped
[watch] 2026-09-18T06:44:14.420Z polled 20/20 mints, 0 changed, 0 first sight | market OPEN (issuer, overnight) | tracked 20, ticks 3
[watch] most recent detected ticks:
          TSMx     Dividend       +0.2114%  2026-09-16T00:30:00.000Z  skipped
          STRCx    Dividend       +0.5055%  2026-09-15T00:30:00.000Z  skipped
          KOx      Dividend       +0.4152%  2026-09-15T00:30:00.000Z  skipped
[watch] 2026-09-18T06:44:44.971Z polled 20/20 mints, 0 changed, 0 first sight | market OPEN (issuer, overnight) | tracked 20, ticks 3
[watch] most recent detected ticks:
          TSMx     Dividend       +0.2114%  2026-09-16T00:30:00.000Z  skipped
          STRCx    Dividend       +0.5055%  2026-09-15T00:30:00.000Z  skipped
          KOx      Dividend       +0.4152%  2026-09-15T00:30:00.000Z  skipped
[watch] 2026-09-18T06:45:15.361Z polled 20/20 mints, 0 changed, 0 first sight | market OPEN (issuer, overnight) | tracked 20, ticks 3
[watch] most recent detected ticks:
          TSMx     Dividend       +0.2114%  2026-09-16T00:30:00.000Z  skipped
          STRCx    Dividend       +0.5055%  2026-09-15T00:30:00.000Z  skipped
          KOx      Dividend       +0.4152%  2026-09-15T00:30:00.000Z  skipped
[watch] 2026-09-18T06:45:45.946Z polled 20/20 mints, 0 changed, 0 first sight | market OPEN (issuer, overnight) | tracked 20, ticks 3
[watch] most recent detected ticks:
          TSMx     Dividend       +0.2114%  2026-09-16T00:30:00.000Z  skipped
          STRCx    Dividend       +0.5055%  2026-09-15T00:30:00.000Z  skipped
          KOx      Dividend       +0.4152%  2026-09-15T00:30:00.000Z  skipped
[watch] 2026-09-18T06:46:16.344Z polled 20/20 mints, 0 changed, 0 first sight | market OPEN (issuer, overnight) | tracked 20, ticks 3
[watch] most recent detected ticks:
          TSMx     Dividend       +0.2114%  2026-09-16T00:30:00.000Z  skipped
          STRCx    Dividend       +0.5055%  2026-09-15T00:30:00.000Z  skipped
          KOx      Dividend       +0.4152%  2026-09-15T00:30:00.000Z  skipped
[watch] 2026-09-18T06:46:46.951Z polled 20/20 mints, 0 changed, 0 first sight | market OPEN (issuer, overnight) | tracked 20, ticks 3
[watch] most recent detected ticks:
          TSMx     Dividend       +0.2114%  2026-09-16T00:30:00.000Z  skipped
          STRCx    Dividend       +0.5055%  2026-09-15T00:30:00.000Z  skipped
          KOx      Dividend       +0.4152%  2026-09-15T00:30:00.000Z  skipped
[watch] 2026-09-18T06:47:17.353Z polled 20/20 mints, 0 changed, 0 first sight | market OPEN (issuer, overnight) | tracked 20, ticks 3
[watch] most recent detected ticks:
          TSMx     Dividend       +0.2114%  2026-09-16T00:30:00.000Z  skipped
          STRCx    Dividend       +0.5055%  2026-09-15T00:30:00.000Z  skipped
          KOx      Dividend       +0.4152%  2026-09-15T00:30:00.000Z  skipped
[watch] 2026-09-18T06:47:47.822Z polled 20/20 mints, 0 changed, 0 first sight | market OPEN (issuer, overnight) | tracked 20, ticks 3
[watch] most recent detected ticks:
          TSMx     Dividend       +0.2114%  2026-09-16T00:30:00.000Z  skipped
          STRCx    Dividend       +0.5055%  2026-09-15T00:30:00.000Z  skipped
          KOx      Dividend       +0.4152%  2026-09-15T00:30:00.000Z  skipped
[watch] 2026-09-18T06:48:18.183Z polled 20/20 mints, 0 changed, 0 first sight | market OPEN (issuer, overnight) | tracked 20, ticks 3
[watch] most recent detected ticks:
          TSMx     Dividend       +0.2114%  2026-09-16T00:30:00.000Z  skipped
          STRCx    Dividend       +0.5055%  2026-09-15T00:30:00.000Z  skipped
          KOx      Dividend       +0.4152%  2026-09-15T00:30:00.000Z  skipped
[watch] 2026-09-18T06:48:48.515Z polled 20/20 mints, 0 changed, 0 first sight | market OPEN (issuer, overnight) | tracked 20, ticks 3
[watch] most recent detected ticks:
          TSMx     Dividend       +0.2114%  2026-09-16T00:30:00.000Z  skipped
          STRCx    Dividend       +0.5055%  2026-09-15T00:30:00.000Z  skipped
          KOx      Dividend       +0.4152%  2026-09-15T00:30:00.000Z  skipped
[watch] 2026-09-18T06:49:18.889Z polled 20/20 mints, 0 changed, 0 first sight | market OPEN (issuer, overnight) | tracked 20, ticks 3
[watch] most recent detected ticks:
          TSMx     Dividend       +0.2114%  2026-09-16T00:30:00.000Z  skipped
          STRCx    Dividend       +0.5055%  2026-09-15T00:30:00.000Z  skipped
          KOx      Dividend       +0.4152%  2026-09-15T00:30:00.000Z  skipped
[watch] 2026-09-18T06:49:49.482Z polled 20/20 mints, 0 changed, 0 first sight | market OPEN (issuer, overnight) | tracked 20, ticks 3
[watch] most recent detected ticks:
          TSMx     Dividend       +0.2114%  2026-09-16T00:30:00.000Z  skipped
          STRCx    Dividend       +0.5055%  2026-09-15T00:30:00.000Z  skipped
          KOx      Dividend       +0.4152%  2026-09-15T00:30:00.000Z  skipped
[watch] 2026-09-18T06:50:20.365Z polled 20/20 mints, 0 changed, 0 first sight | market OPEN (issuer, overnight) | tracked 20, ticks 3
[watch] most recent detected ticks:
          TSMx     Dividend       +0.2114%  2026-09-16T00:30:00.000Z  skipped
          STRCx    Dividend       +0.5055%  2026-09-15T00:30:00.000Z  skipped
          KOx      Dividend       +0.4152%  2026-09-15T00:30:00.000Z  skipped
[watch] 2026-09-18T06:50:50.725Z polled 20/20 mints, 0 changed, 0 first sight | market OPEN (issuer, overnight) | tracked 20, ticks 3
[watch] most recent detected ticks:
          TSMx     Dividend       +0.2114%  2026-09-16T00:30:00.000Z  skipped
          STRCx    Dividend       +0.5055%  2026-09-15T00:30:00.000Z  skipped
          KOx      Dividend       +0.4152%  2026-09-15T00:30:00.000Z  skipped
[watch] 2026-09-18T06:51:31.243Z polled 20/20 mints, 0 changed, 0 first sight | market OPEN (issuer, overnight) | tracked 20, ticks 3
[watch] most recent detected ticks:
          TSMx     Dividend       +0.2114%  2026-09-16T00:30:00.000Z  skipped
          STRCx    Dividend       +0.5055%  2026-09-15T00:30:00.000Z  skipped
          KOx      Dividend       +0.4152%  2026-09-15T00:30:00.000Z  skipped
[watch] 2026-09-18T06:52:01.633Z polled 20/20 mints, 0 changed, 0 first sight | market OPEN (issuer, overnight) | tracked 20, ticks 3
[watch] most recent detected ticks:
          TSMx     Dividend       +0.2114%  2026-09-16T00:30:00.000Z  skipped
          STRCx    Dividend       +0.5055%  2026-09-15T00:30:00.000Z  skipped
          KOx      Dividend       +0.4152%  2026-09-15T00:30:00.000Z  skipped
[watch] 2026-09-18T06:52:32.022Z polled 20/20 mints, 0 changed, 0 first sight | market OPEN (issuer, overnight) | tracked 20, ticks 3
[watch] most recent detected ticks:
          TSMx     Dividend       +0.2114%  2026-09-16T00:30:00.000Z  skipped
          STRCx    Dividend       +0.5055%  2026-09-15T00:30:00.000Z  skipped
          KOx      Dividend       +0.4152%  2026-09-15T00:30:00.000Z  skipped
[watch] 2026-09-18T06:53:02.419Z polled 20/20 mints, 0 changed, 0 first sight | market OPEN (issuer, overnight) | tracked 20, ticks 3
[watch] most recent detected ticks:
          TSMx     Dividend       +0.2114%  2026-09-16T00:30:00.000Z  skipped
          STRCx    Dividend       +0.5055%  2026-09-15T00:30:00.000Z  skipped
          KOx      Dividend       +0.4152%  2026-09-15T00:30:00.000Z  skipped
[watch] 2026-09-18T06:53:32.702Z polled 20/20 mints, 0 changed, 0 first sight | market OPEN (issuer, overnight) | tracked 20, ticks 3
[watch] most recent detected ticks:
          TSMx     Dividend       +0.2114%  2026-09-16T00:30:00.000Z  skipped
          STRCx    Dividend       +0.5055%  2026-09-15T00:30:00.000Z  skipped
          KOx      Dividend       +0.4152%  2026-09-15T00:30:00.000Z  skipped
[watch] 2026-09-18T06:54:03.107Z polled 20/20 mints, 0 changed, 0 first sight | market OPEN (issuer, overnight) | tracked 20, ticks 3
[watch] most recent detected ticks:
          TSMx     Dividend       +0.2114%  2026-09-16T00:30:00.000Z  skipped
          STRCx    Dividend       +0.5055%  2026-09-15T00:30:00.000Z  skipped
          KOx      Dividend       +0.4152%  2026-09-15T00:30:00.000Z  skipped
[watch] 2026-09-18T06:54:34.012Z polled 20/20 mints, 0 changed, 0 first sight | market OPEN (issuer, overnight) | tracked 20, ticks 3
[watch] most recent detected ticks:
          TSMx     Dividend       +0.2114%  2026-09-16T00:30:00.000Z  skipped
          STRCx    Dividend       +0.5055%  2026-09-15T00:30:00.000Z  skipped
          KOx      Dividend       +0.4152%  2026-09-15T00:30:00.000Z  skipped
[watch] 2026-09-18T06:55:04.365Z polled 20/20 mints, 0 changed, 0 first sight | market OPEN (issuer, overnight) | tracked 20, ticks 3
[watch] most recent detected ticks:
          TSMx     Dividend       +0.2114%  2026-09-16T00:30:00.000Z  skipped
          STRCx    Dividend       +0.5055%  2026-09-15T00:30:00.000Z  skipped
          KOx      Dividend       +0.4152%  2026-09-15T00:30:00.000Z  skipped
[watch] 2026-09-18T06:55:34.739Z polled 20/20 mints, 0 changed, 0 first sight | market OPEN (issuer, overnight) | tracked 20, ticks 3
[watch] most recent detected ticks:
          TSMx     Dividend       +0.2114%  2026-09-16T00:30:00.000Z  skipped
          STRCx    Dividend       +0.5055%  2026-09-15T00:30:00.000Z  skipped
          KOx      Dividend       +0.4152%  2026-09-15T00:30:00.000Z  skipped
[watch] 2026-09-18T06:56:05.099Z polled 20/20 mints, 0 changed, 0 first sight | market OPEN (issuer, overnight) | tracked 20, ticks 3
[watch] most recent detected ticks:
          TSMx     Dividend       +0.2114%  2026-09-16T00:30:00.000Z  skipped
          STRCx    Dividend       +0.5055%  2026-09-15T00:30:00.000Z  skipped
          KOx      Dividend       +0.4152%  2026-09-15T00:30:00.000Z  skipped
[watch] 2026-09-18T06:56:35.555Z polled 20/20 mints, 0 changed, 0 first sight | market OPEN (issuer, overnight) | tracked 20, ticks 3
[watch] most recent detected ticks:
          TSMx     Dividend       +0.2114%  2026-09-16T00:30:00.000Z  skipped
          STRCx    Dividend       +0.5055%  2026-09-15T00:30:00.000Z  skipped
          KOx      Dividend       +0.4152%  2026-09-15T00:30:00.000Z  skipped
[watch] 2026-09-18T06:57:05.916Z polled 20/20 mints, 0 changed, 0 first sight | market OPEN (issuer, overnight) | tracked 20, ticks 3
[watch] most recent detected ticks:
          TSMx     Dividend       +0.2114%  2026-09-16T00:30:00.000Z  skipped
          STRCx    Dividend       +0.5055%  2026-09-15T00:30:00.000Z  skipped
          KOx      Dividend       +0.4152%  2026-09-15T00:30:00.000Z  skipped
[watch] 2026-09-18T06:57:36.568Z polled 20/20 mints, 0 changed, 0 first sight | market OPEN (issuer, overnight) | tracked 20, ticks 3
[watch] most recent detected ticks:
          TSMx     Dividend       +0.2114%  2026-09-16T00:30:00.000Z  skipped
          STRCx    Dividend       +0.5055%  2026-09-15T00:30:00.000Z  skipped
          KOx      Dividend       +0.4152%  2026-09-15T00:30:00.000Z  skipped
[watch] 2026-09-18T06:58:07.201Z polled 20/20 mints, 0 changed, 0 first sight | market OPEN (issuer, overnight) | tracked 20, ticks 3
[watch] most recent detected ticks:
          TSMx     Dividend       +0.2114%  2026-09-16T00:30:00.000Z  skipped
          STRCx    Dividend       +0.5055%  2026-09-15T00:30:00.000Z  skipped
          KOx      Dividend       +0.4152%  2026-09-15T00:30:00.000Z  skipped
[watch] 2026-09-18T06:58:37.810Z polled 20/20 mints, 0 changed, 0 first sight | market OPEN (issuer, overnight) | tracked 20, ticks 3
[watch] most recent detected ticks:
          TSMx     Dividend       +0.2114%  2026-09-16T00:30:00.000Z  skipped
          STRCx    Dividend       +0.5055%  2026-09-15T00:30:00.000Z  skipped
          KOx      Dividend       +0.4152%  2026-09-15T00:30:00.000Z  skipped
[watch] 2026-09-18T06:59:08.181Z polled 20/20 mints, 0 changed, 0 first sight | market OPEN (issuer, overnight) | tracked 20, ticks 3
[watch] most recent detected ticks:
          TSMx     Dividend       +0.2114%  2026-09-16T00:30:00.000Z  skipped
          STRCx    Dividend       +0.5055%  2026-09-15T00:30:00.000Z  skipped
          KOx      Dividend       +0.4152%  2026-09-15T00:30:00.000Z  skipped
[watch] 2026-09-18T06:59:38.780Z polled 20/20 mints, 0 changed, 0 first sight | market OPEN (issuer, overnight) | tracked 20, ticks 3
[watch] most recent detected ticks:
          TSMx     Dividend       +0.2114%  2026-09-16T00:30:00.000Z  skipped
          STRCx    Dividend       +0.5055%  2026-09-15T00:30:00.000Z  skipped
          KOx      Dividend       +0.4152%  2026-09-15T00:30:00.000Z  skipped
[watch] 2026-09-18T07:00:09.162Z polled 20/20 mints, 0 changed, 0 first sight | market OPEN (issuer, overnight) | tracked 20, ticks 3
[watch] most recent detected ticks:
          TSMx     Dividend       +0.2114%  2026-09-16T00:30:00.000Z  skipped
          STRCx    Dividend       +0.5055%  2026-09-15T00:30:00.000Z  skipped
          KOx      Dividend       +0.4152%  2026-09-15T00:30:00.000Z  skipped
[watch] 2026-09-18T07:00:39.780Z polled 20/20 mints, 0 changed, 0 first sight | market OPEN (issuer, overnight) | tracked 20, ticks 3
[watch] most recent detected ticks:
          TSMx     Dividend       +0.2114%  2026-09-16T00:30:00.000Z  skipped
          STRCx    Dividend       +0.5055%  2026-09-15T00:30:00.000Z  skipped
          KOx      Dividend       +0.4152%  2026-09-15T00:30:00.000Z  skipped
[watch] 2026-09-18T07:01:10.158Z polled 20/20 mints, 0 changed, 0 first sight | market OPEN (issuer, overnight) | tracked 20, ticks 3
[watch] most recent detected ticks:
          TSMx     Dividend       +0.2114%  2026-09-16T00:30:00.000Z  skipped
          STRCx    Dividend       +0.5055%  2026-09-15T00:30:00.000Z  skipped
          KOx      Dividend       +0.4152%  2026-09-15T00:30:00.000Z  skipped
[watch] 2026-09-18T07:01:49.755Z polled 20/20 mints, 0 changed, 0 first sight | market OPEN (issuer, overnight) | tracked 20, ticks 3
[watch] most recent detected ticks:
          TSMx     Dividend       +0.2114%  2026-09-16T00:30:00.000Z  skipped
          STRCx    Dividend       +0.5055%  2026-09-15T00:30:00.000Z  skipped
          KOx      Dividend       +0.4152%  2026-09-15T00:30:00.000Z  skipped
[watch] 2026-09-18T07:02:20.138Z polled 20/20 mints, 0 changed, 0 first sight | market OPEN (issuer, overnight) | tracked 20, ticks 3
[watch] most recent detected ticks:
          TSMx     Dividend       +0.2114%  2026-09-16T00:30:00.000Z  skipped
          STRCx    Dividend       +0.5055%  2026-09-15T00:30:00.000Z  skipped
          KOx      Dividend       +0.4152%  2026-09-15T00:30:00.000Z  skipped
[watch] 2026-09-18T07:02:50.493Z polled 20/20 mints, 0 changed, 0 first sight | market OPEN (issuer, overnight) | tracked 20, ticks 3
[watch] most recent detected ticks:
          TSMx     Dividend       +0.2114%  2026-09-16T00:30:00.000Z  skipped
          STRCx    Dividend       +0.5055%  2026-09-15T00:30:00.000Z  skipped
          KOx      Dividend       +0.4152%  2026-09-15T00:30:00.000Z  skipped
[watch] 2026-09-18T07:03:20.842Z polled 20/20 mints, 0 changed, 0 first sight | market OPEN (issuer, overnight) | tracked 20, ticks 3
[watch] most recent detected ticks:
          TSMx     Dividend       +0.2114%  2026-09-16T00:30:00.000Z  skipped
          STRCx    Dividend       +0.5055%  2026-09-15T00:30:00.000Z  skipped
          KOx      Dividend       +0.4152%  2026-09-15T00:30:00.000Z  skipped
[watch] 2026-09-18T07:03:51.105Z polled 20/20 mints, 0 changed, 0 first sight | market OPEN (issuer, overnight) | tracked 20, ticks 3
[watch] most recent detected ticks:
          TSMx     Dividend       +0.2114%  2026-09-16T00:30:00.000Z  skipped
          STRCx    Dividend       +0.5055%  2026-09-15T00:30:00.000Z  skipped
          KOx      Dividend       +0.4152%  2026-09-15T00:30:00.000Z  skipped
[watch] 2026-09-18T07:04:21.694Z polled 20/20 mints, 0 changed, 0 first sight | market OPEN (issuer, overnight) | tracked 20, ticks 3
[watch] most recent detected ticks:
          TSMx     Dividend       +0.2114%  2026-09-16T00:30:00.000Z  skipped
          STRCx    Dividend       +0.5055%  2026-09-15T00:30:00.000Z  skipped
          KOx      Dividend       +0.4152%  2026-09-15T00:30:00.000Z  skipped
[watch] 2026-09-18T07:04:52.079Z polled 20/20 mints, 0 changed, 0 first sight | market OPEN (issuer, overnight) | tracked 20, ticks 3
[watch] most recent detected ticks:
          TSMx     Dividend       +0.2114%  2026-09-16T00:30:00.000Z  skipped
          STRCx    Dividend       +0.5055%  2026-09-15T00:30:00.000Z  skipped
          KOx      Dividend       +0.4152%  2026-09-15T00:30:00.000Z  skipped
[watch] 2026-09-18T07:05:22.457Z polled 20/20 mints, 0 changed, 0 first sight | market OPEN (issuer, overnight) | tracked 20, ticks 3
[watch] most recent detected ticks:
          TSMx     Dividend       +0.2114%  2026-09-16T00:30:00.000Z  skipped
          STRCx    Dividend       +0.5055%  2026-09-15T00:30:00.000Z  skipped
          KOx      Dividend       +0.4152%  2026-09-15T00:30:00.000Z  skipped
[watch] 2026-09-18T07:05:52.840Z polled 20/20 mints, 0 changed, 0 first sight | market OPEN (issuer, overnight) | tracked 20, ticks 3
[watch] most recent detected ticks:
          TSMx     Dividend       +0.2114%  2026-09-16T00:30:00.000Z  skipped
          STRCx    Dividend       +0.5055%  2026-09-15T00:30:00.000Z  skipped
          KOx      Dividend       +0.4152%  2026-09-15T00:30:00.000Z  skipped
[watch] 2026-09-18T07:06:23.423Z polled 20/20 mints, 0 changed, 0 first sight | market OPEN (issuer, overnight) | tracked 20, ticks 3
[watch] most recent detected ticks:
          TSMx     Dividend       +0.2114%  2026-09-16T00:30:00.000Z  skipped
          STRCx    Dividend       +0.5055%  2026-09-15T00:30:00.000Z  skipped
          KOx      Dividend       +0.4152%  2026-09-15T00:30:00.000Z  skipped
[watch] 2026-09-18T07:06:53.804Z polled 20/20 mints, 0 changed, 0 first sight | market OPEN (issuer, overnight) | tracked 20, ticks 3
[watch] most recent detected ticks:
          TSMx     Dividend       +0.2114%  2026-09-16T00:30:00.000Z  skipped
          STRCx    Dividend       +0.5055%  2026-09-15T00:30:00.000Z  skipped
          KOx      Dividend       +0.4152%  2026-09-15T00:30:00.000Z  skipped
[watch] 2026-09-18T07:07:24.304Z polled 20/20 mints, 0 changed, 0 first sight | market OPEN (issuer, overnight) | tracked 20, ticks 3
[watch] most recent detected ticks:
          TSMx     Dividend       +0.2114%  2026-09-16T00:30:00.000Z  skipped
          STRCx    Dividend       +0.5055%  2026-09-15T00:30:00.000Z  skipped
          KOx      Dividend       +0.4152%  2026-09-15T00:30:00.000Z  skipped
[watch] 2026-09-18T07:07:54.692Z polled 20/20 mints, 0 changed, 0 first sight | market OPEN (issuer, overnight) | tracked 20, ticks 3
[watch] most recent detected ticks:
          TSMx     Dividend       +0.2114%  2026-09-16T00:30:00.000Z  skipped
          STRCx    Dividend       +0.5055%  2026-09-15T00:30:00.000Z  skipped
          KOx      Dividend       +0.4152%  2026-09-15T00:30:00.000Z  skipped
[watch] 2026-09-18T07:08:25.007Z polled 20/20 mints, 0 changed, 0 first sight | market OPEN (issuer, overnight) | tracked 20, ticks 3
[watch] most recent detected ticks:
          TSMx     Dividend       +0.2114%  2026-09-16T00:30:00.000Z  skipped
          STRCx    Dividend       +0.5055%  2026-09-15T00:30:00.000Z  skipped
          KOx      Dividend       +0.4152%  2026-09-15T00:30:00.000Z  skipped
[watch] 2026-09-18T07:08:55.417Z polled 20/20 mints, 0 changed, 0 first sight | market OPEN (issuer, overnight) | tracked 20, ticks 3
[watch] most recent detected ticks:
          TSMx     Dividend       +0.2114%  2026-09-16T00:30:00.000Z  skipped
          STRCx    Dividend       +0.5055%  2026-09-15T00:30:00.000Z  skipped
          KOx      Dividend       +0.4152%  2026-09-15T00:30:00.000Z  skipped
[watch] 2026-09-18T07:09:26.016Z polled 20/20 mints, 0 changed, 0 first sight | market OPEN (issuer, overnight) | tracked 20, ticks 3
[watch] most recent detected ticks:
          TSMx     Dividend       +0.2114%  2026-09-16T00:30:00.000Z  skipped
          STRCx    Dividend       +0.5055%  2026-09-15T00:30:00.000Z  skipped
          KOx      Dividend       +0.4152%  2026-09-15T00:30:00.000Z  skipped
[watch] 2026-09-18T07:09:56.610Z polled 20/20 mints, 0 changed, 0 first sight | market OPEN (issuer, overnight) | tracked 20, ticks 3
[watch] most recent detected ticks:
          TSMx     Dividend       +0.2114%  2026-09-16T00:30:00.000Z  skipped
          STRCx    Dividend       +0.5055%  2026-09-15T00:30:00.000Z  skipped
          KOx      Dividend       +0.4152%  2026-09-15T00:30:00.000Z  skipped
[watch] 2026-09-18T07:10:27.005Z polled 20/20 mints, 0 changed, 0 first sight | market OPEN (issuer, overnight) | tracked 20, ticks 3
[watch] most recent detected ticks:
          TSMx     Dividend       +0.2114%  2026-09-16T00:30:00.000Z  skipped
          STRCx    Dividend       +0.5055%  2026-09-15T00:30:00.000Z  skipped
          KOx      Dividend       +0.4152%  2026-09-15T00:30:00.000Z  skipped
[watch] 2026-09-18T07:10:57.377Z polled 20/20 mints, 0 changed, 0 first sight | market OPEN (issuer, overnight) | tracked 20, ticks 3
[watch] most recent detected ticks:
          TSMx     Dividend       +0.2114%  2026-09-16T00:30:00.000Z  skipped
          STRCx    Dividend       +0.5055%  2026-09-15T00:30:00.000Z  skipped
          KOx      Dividend       +0.4152%  2026-09-15T00:30:00.000Z  skipped
[watch] 2026-09-18T07:11:27.968Z polled 20/20 mints, 0 changed, 0 first sight | market OPEN (issuer, overnight) | tracked 20, ticks 3
[watch] most recent detected ticks:
          TSMx     Dividend       +0.2114%  2026-09-16T00:30:00.000Z  skipped
          STRCx    Dividend       +0.5055%  2026-09-15T00:30:00.000Z  skipped
          KOx      Dividend       +0.4152%  2026-09-15T00:30:00.000Z  skipped
